0 verbose cli C:\Program Files\nodejs\node.exe C:\Program Files\nodejs\node_modules\npm\bin\npm-cli.js
1 info using npm@11.9.0
2 info using node@v24.14.0
3 silly config load:file:C:\Program Files\nodejs\node_modules\npm\npmrc
4 silly config load:file:D:\work\ai-eastaura\.npmrc
5 silly config load:file:C:\Users\hp\.npmrc
6 silly config load:file:C:\Users\hp\AppData\Roaming\npm\etc\npmrc
7 verbose title npm install playwright
8 verbose argv "install" "--no-save" "playwright"
9 verbose logfile logs-max:10 dir:D:\work\ai-eastaura\.npm-cache\_logs\2026-04-28T06_34_25_790Z-
10 verbose logfile D:\work\ai-eastaura\.npm-cache\_logs\2026-04-28T06_34_25_790Z-debug-0.log
11 silly logfile done cleaning log files
12 silly packumentCache heap:4496293888 maxSize:1124073472 maxEntrySize:562036736
13 silly idealTree buildDeps
14 silly fetch manifest playwright@*
15 silly packumentCache full:https://registry.npmjs.org/playwright cache-miss
16 http fetch GET 200 https://registry.npmjs.org/npm 2393ms
17 http fetch GET 200 https://registry.npmjs.org/playwright 3278ms (cache miss)
18 silly packumentCache full:https://registry.npmjs.org/playwright set size:undefined disposed:false
19 silly placeDep ROOT playwright@1.59.1 OK for: ai-eastaura@0.1.0 want: *
20 silly fetch manifest playwright-core@1.59.1
21 silly packumentCache full:https://registry.npmjs.org/playwright-core cache-miss
22 silly fetch manifest fsevents@2.3.2
23 silly packumentCache full:https://registry.npmjs.org/fsevents cache-miss
24 http fetch GET 200 https://registry.npmjs.org/fsevents 756ms (cache miss)
25 silly packumentCache full:https://registry.npmjs.org/fsevents set size:undefined disposed:false
26 http fetch GET 200 https://registry.npmjs.org/playwright-core 2387ms (cache miss)
27 silly packumentCache full:https://registry.npmjs.org/playwright-core set size:undefined disposed:false
28 silly placeDep ROOT fsevents@2.3.2 OK for: playwright@1.59.1 want: 2.3.2
29 silly placeDep ROOT playwright-core@1.59.1 OK for: playwright@1.59.1 want: 1.59.1
30 silly reify moves {}
31 silly audit bulk request {
31 silly audit   '@emnapi/runtime': [ '1.10.0' ],
31 silly audit   '@img/colour': [ '1.1.0' ],
31 silly audit   '@img/sharp-darwin-arm64': [ '0.34.5' ],
31 silly audit   '@img/sharp-darwin-x64': [ '0.34.5' ],
31 silly audit   '@img/sharp-libvips-darwin-arm64': [ '1.2.4' ],
31 silly audit   '@img/sharp-libvips-darwin-x64': [ '1.2.4' ],
31 silly audit   '@img/sharp-libvips-linux-arm': [ '1.2.4' ],
31 silly audit   '@img/sharp-libvips-linux-arm64': [ '1.2.4' ],
31 silly audit   '@img/sharp-libvips-linux-ppc64': [ '1.2.4' ],
31 silly audit   '@img/sharp-libvips-linux-riscv64': [ '1.2.4' ],
31 silly audit   '@img/sharp-libvips-linux-s390x': [ '1.2.4' ],
31 silly audit   '@img/sharp-libvips-linux-x64': [ '1.2.4' ],
31 silly audit   '@img/sharp-libvips-linuxmusl-arm64': [ '1.2.4' ],
31 silly audit   '@img/sharp-libvips-linuxmusl-x64': [ '1.2.4' ],
31 silly audit   '@img/sharp-linux-arm': [ '0.34.5' ],
31 silly audit   '@img/sharp-linux-arm64': [ '0.34.5' ],
31 silly audit   '@img/sharp-linux-ppc64': [ '0.34.5' ],
31 silly audit   '@img/sharp-linux-riscv64': [ '0.34.5' ],
31 silly audit   '@img/sharp-linux-s390x': [ '0.34.5' ],
31 silly audit   '@img/sharp-linux-x64': [ '0.34.5' ],
31 silly audit   '@img/sharp-linuxmusl-arm64': [ '0.34.5' ],
31 silly audit   '@img/sharp-linuxmusl-x64': [ '0.34.5' ],
31 silly audit   '@img/sharp-wasm32': [ '0.34.5' ],
31 silly audit   '@img/sharp-win32-arm64': [ '0.34.5' ],
31 silly audit   '@img/sharp-win32-ia32': [ '0.34.5' ],
31 silly audit   '@img/sharp-win32-x64': [ '0.34.5' ],
31 silly audit   '@next/env': [ '16.2.4' ],
31 silly audit   '@next/swc-darwin-arm64': [ '16.2.4' ],
31 silly audit   '@next/swc-darwin-x64': [ '16.2.4' ],
31 silly audit   '@next/swc-linux-arm64-gnu': [ '16.2.4' ],
31 silly audit   '@next/swc-linux-arm64-musl': [ '16.2.4' ],
31 silly audit   '@next/swc-linux-x64-gnu': [ '16.2.4' ],
31 silly audit   '@next/swc-linux-x64-musl': [ '16.2.4' ],
31 silly audit   '@next/swc-win32-arm64-msvc': [ '16.2.4' ],
31 silly audit   '@next/swc-win32-x64-msvc': [ '16.2.4' ],
31 silly audit   '@supabase/auth-js': [ '2.104.1' ],
31 silly audit   '@supabase/functions-js': [ '2.104.1' ],
31 silly audit   '@supabase/phoenix': [ '0.4.0' ],
31 silly audit   '@supabase/postgrest-js': [ '2.104.1' ],
31 silly audit   '@supabase/realtime-js': [ '2.104.1' ],
31 silly audit   '@supabase/storage-js': [ '2.104.1' ],
31 silly audit   '@supabase/supabase-js': [ '2.104.1' ],
31 silly audit   '@swc/helpers': [ '0.5.15' ],
31 silly audit   '@types/node': [ '24.12.2' ],
31 silly audit   '@types/react': [ '19.2.14' ],
31 silly audit   '@types/react-dom': [ '19.2.3' ],
31 silly audit   '@types/ws': [ '8.18.1' ],
31 silly audit   'baseline-browser-mapping': [ '2.10.23' ],
31 silly audit   'caniuse-lite': [ '1.0.30001791' ],
31 silly audit   'client-only': [ '0.0.1' ],
31 silly audit   csstype: [ '3.2.3' ],
31 silly audit   'detect-libc': [ '2.1.2' ],
31 silly audit   'iceberg-js': [ '0.8.1' ],
31 silly audit   nanoid: [ '3.3.11' ],
31 silly audit   next: [ '16.2.4' ],
31 silly audit   picocolors: [ '1.1.1' ],
31 silly audit   postcss: [ '8.4.31' ],
31 silly audit   react: [ '19.2.5' ],
31 silly audit   'react-dom': [ '19.2.5' ],
31 silly audit   scheduler: [ '0.27.0' ],
31 silly audit   semver: [ '7.7.4' ],
31 silly audit   sharp: [ '0.34.5' ],
31 silly audit   'source-map-js': [ '1.2.1' ],
31 silly audit   'styled-jsx': [ '5.1.6' ],
31 silly audit   tslib: [ '2.8.1' ],
31 silly audit   typescript: [ '5.9.3' ],
31 silly audit   'undici-types': [ '7.16.0' ],
31 silly audit   ws: [ '8.20.0' ],
31 silly audit   playwright: [ '1.59.1' ],
31 silly audit   fsevents: [ '2.3.2' ],
31 silly audit   'playwright-core': [ '1.59.1' ]
31 silly audit }
32 http cache playwright@https://registry.npmjs.org/playwright/-/playwright-1.59.1.tgz 0ms (cache hit)
33 http cache playwright-core@https://registry.npmjs.org/playwright-core/-/playwright-core-1.59.1.tgz 0ms (cache hit)
34 silly tarball no local data for playwright@https://registry.npmjs.org/playwright/-/playwright-1.59.1.tgz. Extracting by manifest.
35 silly tarball no local data for playwright-core@https://registry.npmjs.org/playwright-core/-/playwright-core-1.59.1.tgz. Extracting by manifest.
36 http fetch POST 200 https://registry.npmjs.org/-/npm/v1/security/advisories/bulk 265ms
37 silly audit report {
37 silly audit report   postcss: [
37 silly audit report     {
37 silly audit report       id: 1117015,
37 silly audit report       url: 'https://github.com/advisories/GHSA-qx2v-qp2m-jg93',
37 silly audit report       title: 'PostCSS has XSS via Unescaped </style> in its CSS Stringify Output',
37 silly audit report       severity: 'moderate',
37 silly audit report       vulnerable_versions: '<8.5.10',
37 silly audit report       cwe: [Array],
37 silly audit report       cvss: [Object]
37 silly audit report     }
37 silly audit report   ]
37 silly audit report }
38 silly packumentCache corgi:https://registry.npmjs.org/postcss cache-miss
39 http fetch GET 200 https://registry.npmjs.org/postcss 788ms (cache miss)
40 silly packumentCache corgi:https://registry.npmjs.org/postcss set size:undefined disposed:false
41 silly packumentCache corgi:https://registry.npmjs.org/next cache-miss
42 http fetch GET 200 https://registry.npmjs.org/playwright/-/playwright-1.59.1.tgz 1589ms (cache miss)
43 http fetch GET 200 https://registry.npmjs.org/next 2000ms (cache miss)
44 silly packumentCache corgi:https://registry.npmjs.org/next set size:undefined disposed:false
45 http fetch GET 200 https://registry.npmjs.org/playwright-core/-/playwright-core-1.59.1.tgz 3539ms (cache miss)
46 silly ADD node_modules/playwright-core
47 silly ADD node_modules/playwright
48 verbose cwd D:\work\ai-eastaura
49 verbose os Windows_NT 10.0.19045
50 verbose node v24.14.0
51 verbose npm  v11.9.0
52 notice
52 notice New minor version of npm available! 11.9.0 -> 11.13.0
52 notice Changelog: https://github.com/npm/cli/releases/tag/v11.13.0
52 notice To update run: npm install -g npm@11.13.0
52 notice  { force: true, Symbol(proc-log.meta): true }
53 verbose exit 0
54 info ok
